// Jest Snapshot v1, https://goo.gl/fbAQLP

exports[`<Login /> should be able to mount <Login /> component 1`] = `
<DocumentFragment>
  .c3 {
  display: -webkit-box;
  display: -webkit-flex;
  display: -ms-flexbox;
  display: flex;
  -webkit-flex-direction: column;
  -ms-flex-direction: column;
  flex-direction: column;
  background-color: inherit;
}

.c5 {
  padding: 8px;
  border-radius: 4px;
  border: 1px solid #bababa;
  outline: none;
  margin-top: 4px;
}

.c5:focus {
  border-color: #545454;
}

.c4 {
  font-size: 12pt;
  color: #707070;
}

.c6 {
  font-size: 10pt;
  color: #ec6666;
  margin-top: 4px;
  min-height: 16px;
}

.c0 {
  background-color: #77dd77;
  display: -webkit-box;
  display: -webkit-flex;
  display: -ms-flexbox;
  display: flex;
  -webkit-box-pack: center;
  -webkit-justify-content: center;
  -ms-flex-pack: center;
  justify-content: center;
  -webkit-align-items: center;
  -webkit-box-align: center;
  -ms-flex-align: center;
  align-items: center;
  height: 100%;
  padding: 16px;
  color: #545454;
}

.c1 {
  background-color: #fff;
  border-radius: 8px;
  padding: 24px;
  max-width: 100%;
  width: 400px;
}

.c2 {
  font-size: 18pt;
  margin-bottom: 24px;
  color: #545454;
}

.c7 {
  display: -webkit-box;
  display: -webkit-flex;
  display: -ms-flexbox;
  display: flex;
  -webkit-box-pack: center;
  -webkit-justify-content: center;
  -ms-flex-pack: center;
  justify-content: center;
  background-color: inherit;
}

.c8 {
  background-color: #f26419;
  border-radius: 4px;
  padding: 8px;
  border: none;
  color: #fff;
  font-weight: 600;
  margin: 0 auto;
  margin-top: 8px;
  width: 50%;
}

.c8:hover {
  background-color: #c25014;
  cursor: pointer;
}

<div
    class="c0"
  >
    <div
      class="c1"
    >
      <form>
        <h2
          class="c2"
        >
          Login
        </h2>
        <div
          class="c3"
        >
          <label
            class="c4"
            data-testid="email-label"
            for="email"
          >
            E-mail
          </label>
          <input
            class="c5"
            data-testid="email-input"
            name="email"
            placeholder="example@example.com"
            type="email"
          />
          <p
            class="c6"
            data-testid="email-error"
            role="form-field-error"
          />
        </div>
        <div
          class="c3"
        >
          <label
            class="c4"
            data-testid="password-label"
            for="password"
          >
            Password
          </label>
          <input
            class="c5"
            data-testid="password-input"
            name="password"
            placeholder="**********"
            type="password"
          />
          <p
            class="c6"
            data-testid="password-error"
            role="form-field-error"
          />
        </div>
        <div
          class="c7"
        >
          <button
            class="c8"
            data-testid="submit"
            type="submit"
          >
            SIGN IN
          </button>
        </div>
      </form>
    </div>
  </div>
</DocumentFragment>
`;
