// Jest Snapshot v1, https://goo.gl/fbAQLP

exports[`<Login /> should be able to mount <Login /> component 1`] = `
<DocumentFragment>
  .c0 {
  background-color: #18cf89;
  display: -webkit-box;
  display: -webkit-flex;
  display: -ms-flexbox;
  display: flex;
  -webkit-box-pack: center;
  -webkit-justify-content: center;
  -ms-flex-pack: center;
  justify-content: center;
  -webkit-align-items: center;
  -webkit-box-align: center;
  -ms-flex-align: center;
  align-items: center;
  height: 100%;
  padding: 20px;
  color: #4e4e4e;
}

.c3 {
  display: -webkit-box;
  display: -webkit-flex;
  display: -ms-flexbox;
  display: flex;
  -webkit-flex-direction: column;
  -ms-flex-direction: column;
  flex-direction: column;
  margin-bottom: 10px;
  background-color: inherit;
}

.c1 {
  background-color: white;
  border-radius: 10px;
  padding: 20px;
  max-width: 100%;
  width: 400px;
}

.c2 {
  font-size: 18pt;
  margin-bottom: 20px;
  color: #474b4e;
}

.c4 {
  padding: 8px;
  border-radius: 5px;
  border: 1px solid #bebebe;
  outline: none;
  margin: 5px 0;
}

.c4:focus {
  border-color: #5c5c5c;
}

.c5 {
  display: -webkit-box;
  display: -webkit-flex;
  display: -ms-flexbox;
  display: flex;
  -webkit-box-pack: center;
  -webkit-justify-content: center;
  -ms-flex-pack: center;
  justify-content: center;
  background-color: inherit;
}

.c6 {
  background-color: #ff8a3c;
  border-radius: 7px;
  padding: 10px;
  border: none;
  color: white;
  font-weight: bold;
  margin: 0 auto;
  width: 50%;
}

.c6:hover {
  background-color: #ff6600;
  cursor: pointer;
}

<div
    class="c0"
  >
    <div
      class="c1"
    >
      <form>
        <h2
          class="c2"
        >
          Login
        </h2>
        <div
          class="c3"
        >
          <label
            for="email"
          >
            E-mail
          </label>
          <input
            class="c4"
            name="email"
            placeholder="example@email.com"
            required=""
            type="email"
            value=""
          />
        </div>
        <div
          class="c3"
        >
          <label
            for="password"
          >
            Password
          </label>
          <input
            class="c4"
            name="password"
            placeholder="**********"
            required=""
            type="password"
            value=""
          />
        </div>
        <div
          class="c5"
        >
          <button
            class="c6"
            data-testid="submit"
            type="submit"
          >
            SIGN IN
          </button>
        </div>
      </form>
    </div>
  </div>
</DocumentFragment>
`;
